1.203: [GC (Allocation Failure) [PSYoungGen: 96256K->9262K(112128K)] 96256K->9350K(369152K), 0.0125274 secs] [Times: user=0.04 sys=0.02, real=0.01 secs] 
1.815: [GC (Allocation Failure) [PSYoungGen: 105518K->8694K(112128K)] 105606K->25174K(369152K), 0.0197546 secs] [Times: user=0.10 sys=0.03, real=0.02 secs] 
1.902: [GC (Metadata GC Threshold) [PSYoungGen: 24169K->4933K(112128K)] 40649K->21421K(369152K), 0.0079518 secs] [Times: user=0.05 sys=0.00, real=0.00 secs] 
1.910: [Full GC (Metadata GC Threshold) [PSYoungGen: 4933K->0K(112128K)] [ParOldGen: 16488K->21141K(164352K)] 21421K->21141K(276480K), [Metaspace: 20948K->20948K(1067008K)], 0.0355055 secs] [Times: user=0.16 sys=0.04, real=0.04 secs] 
5.273: [GC (Allocation Failure) [PSYoungGen: 96256K->5320K(165888K)] 117397K->59238K(330240K), 0.0172269 secs] [Times: user=0.14 sys=0.02, real=0.01 secs] 
8.606: [GC (Allocation Failure) [PSYoungGen: 165576K->10780K(198144K)] 219494K->97474K(362496K), 0.0206849 secs] [Times: user=0.18 sys=0.04, real=0.02 secs] 
8.709: [GC (Metadata GC Threshold) [PSYoungGen: 26038K->5848K(271360K)] 112732K->92550K(435712K), 0.0107598 secs] [Times: user=0.08 sys=0.04, real=0.01 secs] 
8.719: [Full GC (Metadata GC Threshold) [PSYoungGen: 5848K->0K(271360K)] [ParOldGen: 86702K->91360K(292352K)] 92550K->91360K(563712K), [Metaspace: 34673K->34522K(1079296K)], 0.0964948 secs] [Times: user=0.95 sys=0.04, real=0.10 secs] 
10.117: [GC (Allocation Failure) [PSYoungGen: 166263K->12273K(270848K)] 257623K->123726K(563200K), 0.0239061 secs] [Times: user=0.17 sys=0.05, real=0.02 secs] 
11.000: [GC (Allocation Failure) --[PSYoungGen: 270833K->270833K(270848K)] 382286K->947236K(970240K), 0.2231527 secs] [Times: user=1.63 sys=0.21, real=0.23 secs] 
11.223: [Full GC (Ergonomics) [PSYoungGen: 270833K->0K(270848K)] [ParOldGen: 676403K->237461K(461824K)] 947236K->237461K(732672K), [Metaspace: 49382K->49304K(1093632K)], 0.1462356 secs] [Times: user=1.21 sys=0.03, real=0.14 secs] 
11.677: [GC (Allocation Failure) [PSYoungGen: 258560K->24032K(273920K)] 496021K->310542K(735744K), 0.0172772 secs] [Times: user=0.18 sys=0.00, real=0.02 secs] 
11.897: [GC (Allocation Failure) [PSYoungGen: 273839K->49632K(299520K)] 560349K->347326K(761344K), 0.0280480 secs] [Times: user=0.17 sys=0.11, real=0.03 secs] 
12.126: [GC (Allocation Failure) [PSYoungGen: 299488K->49633K(228864K)] 597182K->389191K(690688K), 0.0263491 secs] [Times: user=0.26 sys=0.06, real=0.03 secs] 
12.290: [GC (Allocation Failure) [PSYoungGen: 228833K->55625K(235008K)] 568391K->398807K(696832K), 0.0171707 secs] [Times: user=0.16 sys=0.02, real=0.02 secs] 
13.115: [GC (Allocation Failure) [PSYoungGen: 234825K->23159K(264192K)] 578007K->408674K(726016K), 0.0238223 secs] [Times: user=0.29 sys=0.01, real=0.02 secs] 
13.797: [GC (Allocation Failure) [PSYoungGen: 198775K->4775K(180736K)] 584290K->419094K(642560K), 0.0124909 secs] [Times: user=0.13 sys=0.00, real=0.01 secs] 
13.810: [Full GC (Ergonomics) [PSYoungGen: 4775K->0K(180736K)] [ParOldGen: 414319K->228918K(514048K)] 419094K->228918K(694784K), [Metaspace: 50116K->50059K(1093632K)], 0.2265433 secs] [Times: user=1.94 sys=0.03, real=0.23 secs] 
14.905: [GC (Allocation Failure) [PSYoungGen: 175616K->11180K(262144K)] 404534K->240106K(776192K), 0.0047579 secs] [Times: user=0.04 sys=0.01, real=0.00 secs] 
16.097: [GC (Allocation Failure) [PSYoungGen: 189356K->2237K(259584K)] 418282K->232092K(773632K), 0.0039686 secs] [Times: user=0.02 sys=0.00, real=0.00 secs] 
18.324: [GC (Allocation Failure) [PSYoungGen: 167165K->4161K(265728K)] 397020K->234024K(779776K), 0.0067089 secs] [Times: user=0.05 sys=0.00, real=0.00 secs] 
19.623: [GC (Allocation Failure) [PSYoungGen: 190017K->17822K(264192K)] 419880K->247692K(778240K), 0.0193113 secs] [Times: user=0.21 sys=0.01, real=0.02 secs] 
Heap
 PSYoungGen      total 264192K, used 1874